0,1,2,3,4,5,6,7,8,9,10,11,12,13,15,16,17,18,19,20,21,22,23,24,25,26,27,28,29,30,31,32,33,34
0,1,2,3,4,5,6,7,8,10,11,12,13,15,16,17,18,19,20,21,22,23,24,25,26,27,28,30,31,32,33,34
0,1,2,3,4,5,7,8,10,11,12,13,15,16,17,18,19,20,21,22,23,24,26,27,28,30,31,32,33,34
0,1,2,3,4,7,8,10,11,12,13,15,16,17,18,19,20,21,22,24,26,27,28,30,31,32,33,34
0,1,2,3,4,7,10,11,12,13,15,16,17,18,19,20,21,22,26,27,28,30,31,32,33,34
0,1,2,3,4,7,10,11,12,15,16,17,18,19,20,21,22,26,27,30,31,32,33,34
0,1,2,3,4,7,10,11,12,15,16,17,18,19,21,22,26,27,30,31,32,33
0,1,2,3,4,7,11,12,15,16,17,18,19,21,22,26,27,30,31,32
0,1,2,3,4,7,11,12,15,17,18,19,21,26,27,30,31,32
0,1,3,4,11,12,15,17,18,19,21,26,27,30,31,32
1,3,4,11,12,15,17,18,19,21,26,27,30,31
3,11,12,15,17,18,19,21,26,27,30,31
3,11,12,17,18,19,26,27,30,31
11,12,17,18,19,27,30,31
11,12,17,27,30,31
11,12,17,27
11,27
