0,1,2,3,4,6,7,8,9,10,12,13,14,15,16,18,19,20,21,22,24,25,26,27,28,30,31,32,33,34,35,36,37,38,39
0,2,3,4,6,7,9,10,12,13,14,16,18,19,20,21,24,25,26,27,28,30,31,32,33,34,36,37,38,39
0,2,3,6,7,9,10,12,14,16,18,19,20,24,25,26,27,28,31,32,33,34,36,38,39
0,2,3,6,7,10,12,14,16,18,20,24,25,26,27,32,33,34,36,38
2,3,6,7,14,16,18,20,24,26,27,32,33,34,38
3,6,7,14,20,24,27,32,33,38
6,14,20,27,32
