0,1,2,3,4,6,7,8,9,10,12,13,14,15,16,17,18,19,20,21,22,23,24,25,26,27,28,29,30,31,32,33
0,2,3,4,6,7,8,9,10,12,13,14,15,16,18,19,20,21,22,24,25,26,27,28,30,31,32,33
0,2,3,4,6,7,9,10,12,13,14,16,18,19,20,21,24,25,26,27,28,31,32,33
0,2,4,6,7,9,10,13,14,16,18,19,21,24,25,26,27,31,32,33
2,6,7,9,10,13,16,18,19,21,24,26,27,31,32,33
2,7,9,10,16,18,21,24,27,31,32,33
7,9,10,16,21,27,31,32
16,21,27,31
